src/components/NewStudentModal.tsx(4,10): error TS1484: 'Student' is a type and must be imported using a type-only import when 'verbatimModuleSyntax' is enabled.
src/components/PaymentModal.tsx(4,10): error TS1484: 'Student' is a type and must be imported using a type-only import when 'verbatimModuleSyntax' is enabled.
src/components/PaymentModal.tsx(4,19): error TS1484: 'PaymentReceipt' is a type and must be imported using a type-only import when 'verbatimModuleSyntax' is enabled.
src/contexts/AuthContext.tsx(1,54): error TS1484: 'ReactNode' is a type and must be imported using a type-only import when 'verbatimModuleSyntax' is enabled.
src/hooks/useStudents.ts(4,10): error TS1484: 'Student' is a type and must be imported using a type-only import when 'verbatimModuleSyntax' is enabled.
src/pages/Students.tsx(3,10): error TS1484: 'Student' is a type and must be imported using a type-only import when 'verbatimModuleSyntax' is enabled.
src/pages/Students.tsx(4,48): error TS6133: 'Printer' is declared but its value is never read.
src/pages/Students.tsx(4,57): error TS6133: 'Edit2' is declared but its value is never read.
src/utils/generateReceipt.ts(4,10): error TS1484: 'Student' is a type and must be imported using a type-only import when 'verbatimModuleSyntax' is enabled.
